2025-10-26 14:11:44,183 - INFO - 14:11: OUTGOING: (*,con,TechTech,*)
2025-10-26 14:11:44,234 - INFO - 14:11: OUTGOING: (*,hbt,*)
2025-10-26 14:11:44,235 - INFO - 14:11: INCOMING: (*,hbt_rsp,1,*)
2025-10-26 14:11:44,285 - INFO - 14:11: OUTGOING: (*,rq_ply,*)
2025-10-26 14:11:44,285 - INFO - 14:11: INCOMING: (*,plrs,TechTech,*)
2025-10-26 14:11:47,185 - INFO - 14:11: OUTGOING: (*,hbt,*)
2025-10-26 14:11:47,186 - INFO - 14:11: INCOMING: (*,hbt_rsp,1,*)
2025-10-26 14:11:50,186 - INFO - 14:11: OUTGOING: (*,hbt,*)
2025-10-26 14:11:50,186 - INFO - 14:11: INCOMING: (*,hbt_rsp,1,*)
2025-10-26 14:11:53,186 - INFO - 14:11: OUTGOING: (*,hbt,*)
2025-10-26 14:11:53,186 - INFO - 14:11: INCOMING: (*,hbt_rsp,1,*)
2025-10-26 14:11:56,186 - INFO - 14:11: OUTGOING: (*,hbt,*)
2025-10-26 14:11:56,187 - INFO - 14:11: INCOMING: (*,hbt_rsp,1,*)
2025-10-26 14:11:59,186 - INFO - 14:11: OUTGOING: (*,hbt,*)
2025-10-26 14:11:59,186 - INFO - 14:11: INCOMING: (*,hbt_rsp,1,*)
2025-10-26 14:12:02,187 - INFO - 14:11: OUTGOING: (*,hbt,*)
2025-10-26 14:12:02,188 - INFO - 14:12: INCOMING: (*,hbt_rsp,1,*)
2025-10-26 14:12:05,187 - INFO - 14:12: OUTGOING: (*,hbt,*)
2025-10-26 14:12:05,188 - INFO - 14:12: INCOMING: (*,hbt_rsp,1,*)
2025-10-26 14:12:08,188 - INFO - 14:12: OUTGOING: (*,hbt,*)
2025-10-26 14:12:08,188 - INFO - 14:12: INCOMING: (*,hbt_rsp,1,*)
2025-10-26 14:12:11,188 - INFO - 14:12: OUTGOING: (*,hbt,*)
2025-10-26 14:12:11,189 - INFO - 14:12: INCOMING: (*,hbt_rsp,1,*)
2025-10-26 14:12:14,189 - INFO - 14:12: OUTGOING: (*,hbt,*)
2025-10-26 14:12:14,189 - INFO - 14:12: INCOMING: (*,hbt_rsp,1,*)
2025-10-26 14:12:17,189 - INFO - 14:12: OUTGOING: (*,hbt,*)
2025-10-26 14:12:17,189 - INFO - 14:12: INCOMING: (*,hbt_rsp,1,*)
2025-10-26 14:12:20,189 - INFO - 14:12: OUTGOING: (*,hbt,*)
2025-10-26 14:12:20,189 - INFO - 14:12: INCOMING: (*,hbt_rsp,1,*)
2025-10-26 14:12:23,190 - INFO - 14:12: OUTGOING: (*,hbt,*)
2025-10-26 14:12:23,190 - INFO - 14:12: INCOMING: (*,hbt_rsp,1,*)
2025-10-26 14:12:26,190 - INFO - 14:12: OUTGOING: (*,hbt,*)
2025-10-26 14:12:26,190 - INFO - 14:12: INCOMING: (*,hbt_rsp,1,*)
2025-10-26 14:12:29,190 - INFO - 14:12: OUTGOING: (*,hbt,*)
2025-10-26 14:12:29,190 - INFO - 14:12: INCOMING: (*,hbt_rsp,1,*)
2025-10-26 14:12:32,191 - INFO - 14:12: OUTGOING: (*,hbt,*)
2025-10-26 14:12:32,191 - INFO - 14:12: INCOMING: (*,hbt_rsp,1,*)
2025-10-26 14:12:35,191 - INFO - 14:12: OUTGOING: (*,hbt,*)
2025-10-26 14:12:35,191 - INFO - 14:12: INCOMING: (*,hbt_rsp,1,*)
2025-10-26 14:12:38,191 - INFO - 14:12: OUTGOING: (*,hbt,*)
2025-10-26 14:12:38,192 - INFO - 14:12: INCOMING: (*,hbt_rsp,1,*)
